+ getprop ro.product.cpu.abi
+ ABI=arm64-v8a 
+ '[' -L /storage/0974-1BF3/Work/Project/DolbyAtmosUIOnly-MagiskModule/system/vendor ']'
+ '[' ! -d /storage/0974-1BF3/Work/Project/DolbyAtmosUIOnly-MagiskModule/vendor ']'
+ MODSYSTEM=/system 
+ FILE=/sys/fs/selinux/enforce 
+ FILE2=/sys/fs/selinux/policy 
+ chmod 0755 /storage/0974-1BF3/Work/Project/DolbyAtmosUIOnly-MagiskModule/arm64-v8a/libmagiskpolicy.so /storage/0974-1BF3/Work/Project/DolbyAtmosUIOnly-MagiskModule/armeabi-v7a/libmagiskpolicy.so /storage/0974-1BF3/Work/Project/DolbyAtmosUIOnly-MagiskModule/x86/libmagiskpolicy.so /storage/0974-1BF3/Work/Project/DolbyAtmosUIOnly-MagiskModule/x86_64/libmagiskpolicy.so
+ FILE=/storage/0974-1BF3/Work/Project/DolbyAtmosUIOnly-MagiskModule/sepolicy.rule 
+ FILE=/storage/0974-1BF3/Work/Project/DolbyAtmosUIOnly-MagiskModule/sepolicy.pfsd 
+ sepolicy_sh
+ '[' -f /storage/0974-1BF3/Work/Project/DolbyAtmosUIOnly-MagiskModule/sepolicy.pfsd ']'
+ DIR=/data/vendor/dolby 
+ mkdir -p /data/vendor/dolby
+ chmod 0770 /data/vendor/dolby
chmod: chmod '/data/vendor/dolby' to 0770: Permission denied
+ chown 1013.1013 /data/vendor/dolby
chown: '/data/vendor/dolby' to '1013:1013': Permission denied
+ chcon u:object_r:vendor_data_file:s0 /data/vendor/dolby
chcon: '/data/vendor/dolby' to u:object_r:vendor_data_file:s0: Operation not permitted
+ find /storage/0974-1BF3/Work/Project/DolbyAtmosUIOnly-MagiskModule/vendor /storage/0974-1BF3/Work/Project/DolbyAtmosUIOnly-MagiskModule/system/vendor -type d
find: '/storage/0974-1BF3/Work/Project/DolbyAtmosUIOnly-MagiskModule/vendor': No such file or directory
+ DIRS=$'/storage/0974-1BF3/Work/Project/DolbyAtmosUIOnly-MagiskModule/system/vendor\n/storage/0974-1BF3/Work/Project/DolbyAtmosUIOnly-MagiskModule/system/vendor/etc' 
+ chown 0.2000 /storage/0974-1BF3/Work/Project/DolbyAtmosUIOnly-MagiskModule/system/vendor
+ chown 0.2000 /storage/0974-1BF3/Work/Project/DolbyAtmosUIOnly-MagiskModule/system/vendor/etc
+ chcon -R u:object_r:system_lib_file:s0 '/storage/0974-1BF3/Work/Project/DolbyAtmosUIOnly-MagiskModule/system/lib*'
chcon: /storage/0974-1BF3/Work/Project/DolbyAtmosUIOnly-MagiskModule/system/lib*: No such file or directory
+ chcon -R u:object_r:vendor_configs_file:s0 /storage/0974-1BF3/Work/Project/DolbyAtmosUIOnly-MagiskModule/system/odm/etc
chcon: /storage/0974-1BF3/Work/Project/DolbyAtmosUIOnly-MagiskModule/system/odm/etc: No such file or directory
+ chmod 0751 /storage/0974-1BF3/Work/Project/DolbyAtmosUIOnly-MagiskModule/system/vendor/bin
chmod: /storage/0974-1BF3/Work/Project/DolbyAtmosUIOnly-MagiskModule/system/vendor/bin: No such file or directory
+ chmod 0751 /storage/0974-1BF3/Work/Project/DolbyAtmosUIOnly-MagiskModule/system/vendor/bin/hw
chmod: /storage/0974-1BF3/Work/Project/DolbyAtmosUIOnly-MagiskModule/system/vendor/bin/hw: No such file or directory
+ chmod 0755 /storage/0974-1BF3/Work/Project/DolbyAtmosUIOnly-MagiskModule/system/vendor/odm/bin
chmod: /storage/0974-1BF3/Work/Project/DolbyAtmosUIOnly-MagiskModule/system/vendor/odm/bin: No such file or directory
+ chmod 0755 /storage/0974-1BF3/Work/Project/DolbyAtmosUIOnly-MagiskModule/system/vendor/odm/bin/hw
chmod: /storage/0974-1BF3/Work/Project/DolbyAtmosUIOnly-MagiskModule/system/vendor/odm/bin/hw: No such file or directory
+ find /storage/0974-1BF3/Work/Project/DolbyAtmosUIOnly-MagiskModule/system/vendor/bin /storage/0974-1BF3/Work/Project/DolbyAtmosUIOnly-MagiskModule/system/vendor/odm/bin -type f
find: '/storage/0974-1BF3/Work/Project/DolbyAtmosUIOnly-MagiskModule/system/vendor/bin': No such file or directory
find: '/storage/0974-1BF3/Work/Project/DolbyAtmosUIOnly-MagiskModule/system/vendor/odm/bin': No such file or directory
+ FILES='' 
+ find '/storage/0974-1BF3/Work/Project/DolbyAtmosUIOnly-MagiskModule/system/vendor/lib*' -type f
find: '/storage/0974-1BF3/Work/Project/DolbyAtmosUIOnly-MagiskModule/system/vendor/lib*': No such file or directory
+ FILES='' 
+ chcon -R u:object_r:vendor_file:s0 /storage/0974-1BF3/Work/Project/DolbyAtmosUIOnly-MagiskModule/system/vendor
chcon: '/storage/0974-1BF3/Work/Project/DolbyAtmosUIOnly-MagiskModule/system/vendor' to u:object_r:vendor_file:s0: Operation not supported on transport endpoint
chcon: '/storage/0974-1BF3/Work/Project/DolbyAtmosUIOnly-MagiskModule/system/vendor/etc' to u:object_r:vendor_file:s0: Operation not supported on transport endpoint
+ chcon -R u:object_r:vendor_configs_file:s0 /storage/0974-1BF3/Work/Project/DolbyAtmosUIOnly-MagiskModule/system/vendor/etc
chcon: '/storage/0974-1BF3/Work/Project/DolbyAtmosUIOnly-MagiskModule/system/vendor/etc' to u:object_r:vendor_configs_file:s0: Operation not supported on transport endpoint
+ chcon -R u:object_r:vendor_configs_file:s0 /storage/0974-1BF3/Work/Project/DolbyAtmosUIOnly-MagiskModule/system/vendor/odm/etc
chcon: /storage/0974-1BF3/Work/Project/DolbyAtmosUIOnly-MagiskModule/system/vendor/odm/etc: No such file or directory
+ chcon u:object_r:vendor_hal_file:s0 '/storage/0974-1BF3/Work/Project/DolbyAtmosUIOnly-MagiskModule/system/vendor/lib*/hw'
chcon: /storage/0974-1BF3/Work/Project/DolbyAtmosUIOnly-MagiskModule/system/vendor/lib*/hw: No such file or directory
+ FILE=/storage/0974-1BF3/Work/Project/DolbyAtmosUIOnly-MagiskModule/cleaner.sh 
+ '[' -f /storage/0974-1BF3/Work/Project/DolbyAtmosUIOnly-MagiskModule/cleaner.sh ']'
+ . /storage/0974-1BF3/Work/Project/DolbyAtmosUIOnly-MagiskModule/cleaner.sh
+ '[' ! /storage/0974-1BF3/Work/Project/DolbyAtmosUIOnly-MagiskModule ']'
+ id -u
+ UID=10488 
+ . /storage/0974-1BF3/Work/Project/DolbyAtmosUIOnly-MagiskModule/function.sh
+ remove_cache
+ sed 's|.apk||g'
+ find /storage/0974-1BF3/Work/Project/DolbyAtmosUIOnly-MagiskModule -type f -name '*.apk'
+ FILES=$'/storage/0974-1BF3/Work/Project/DolbyAtmosUIOnly-MagiskModule/system/priv-app/DaxUI/DaxUI\n/storage/0974-1BF3/Work/Project/DolbyAtmosUIOnly-MagiskModule/system_1.0/priv-app/daxService/daxService\n/storage/0974-1BF3/Work/Project/DolbyAtmosUIOnly-MagiskModule/system_2.0/priv-app/daxService/daxService' 
+ basename /storage/0974-1BF3/Work/Project/DolbyAtmosUIOnly-MagiskModule/system/priv-app/DaxUI/DaxUI
+ basename /storage/0974-1BF3/Work/Project/DolbyAtmosUIOnly-MagiskModule/system_1.0/priv-app/daxService/daxService
+ basename /storage/0974-1BF3/Work/Project/DolbyAtmosUIOnly-MagiskModule/system_2.0/priv-app/daxService/daxService
+ APPS=$'DaxUI\ndaxService\ndaxService' 
+ find /data/system/package_cache /data/dalvik-cache /data/resource-cache -type f -name '*DaxUI*'
find: /data/system/package_cache: Permission denied
find: /data/dalvik-cache: Permission denied
find: /data/resource-cache: Permission denied
+ rm -f
+ find /data/system/package_cache /data/dalvik-cache /data/resource-cache -type f -name '*daxService*'
find: /data/system/package_cache: Permission denied
find: /data/dalvik-cache: Permission denied
find: /data/resource-cache: Permission denied
+ rm -f
+ find /data/system/package_cache /data/dalvik-cache /data/resource-cache -type f -name '*daxService*'
find: /data/system/package_cache: Permission denied
find: /data/dalvik-cache: Permission denied
find: /data/resource-cache: Permission denied
+ rm -f
+ cat /storage/0974-1BF3/Work/Project/DolbyAtmosUIOnly-MagiskModule/package.txt
+ PKGS=$'com.dolby.daxappui\ncom.dolby.daxservice' 
+ rm -rf '/data/user*/10488/com.dolby.daxappui/cache/*'
+ rm -rf '/data/user*/10488/com.dolby.daxservice/cache/*'
+ mv -f /storage/0974-1BF3/Work/Project/DolbyAtmosUIOnly-MagiskModule/cleaner.sh /storage/0974-1BF3/Work/Project/DolbyAtmosUIOnly-MagiskModule/cleaner.sh.txt
